// Jest Snapshot v1, https://goo.gl/fbAQLP

exports[`renders TodoForm correctly 1`] = `
<div
  className="justify-content-center row"
>
  <div
    className="col-md-8 col-11"
  >
    <form
      className=""
      onSubmit={[Function]}
    >
      <label
        className="fs-4 form-label"
        htmlFor="todo"
      >
        Write your Task
      </label>
      <input
        className="my-2 form-control"
        id="todo"
        onChange={[Function]}
        placeholder="Enter task"
        type="text"
        value=""
      />
      <div
        className="text-end"
      >
        <button
          className="fs-4 btn btn-primary"
          disabled={false}
          type="submit"
        >
          Submit
        </button>
      </div>
    </form>
  </div>
</div>
`;

exports[`renders TodoItem correctly 1`] = `
<li>
  <div>
    <div
      className=" fs-4 py-2 px-2 border-bottom border-2 border-light form-check"
    >
      <input
        className="form-check-input"
        disabled={false}
        id="todo-item-1"
        onChange={[Function]}
        type="checkbox"
      />
      <label
        className="form-check-label"
        htmlFor="todo-item-1"
        title=""
      >
        Complete work
      </label>
    </div>
  </div>
</li>
`;

exports[`renders TodoList correctly 1`] = `
<div
  className="justify-content-center row"
>
  <div
    className="col-md-8 col-11"
  >
    <ul>
      Loading...
    </ul>
  </div>
</div>
`;
